******************************************************************************
                  TI ARM Linker PC v20.2.7                     
******************************************************************************
>> Linked Fri Jul 11 17:28:29 2025

OUTPUT FILE NAME:   <FreeRTOS_Project.out>
ENTRY POINT SYMBOL: "_c_int00_noargs"  address: 00004b95


MEMORY CONFIGURATION

         name            origin    length      used     unused   attr    fill
----------------------  --------  ---------  --------  --------  ----  --------
  FLASH                 00000000   00040000  00004c5a  0003b3a6  R  X
  SRAM                  20000000   00008000  00001374  00006c8c  RW X


SEGMENT ALLOCATION MAP

run origin  load origin   length   init length attrs members
----------  ----------- ---------- ----------- ----- -------
00000000    00000000    00004c60   00004c60    r-x
  00000000    00000000    0000026c   0000026c    r-- .intvecs
  0000026c    0000026c    000049a2   000049a2    r-x .text
  00004c10    00004c10    0000000c   0000000c    r-- .const
  00004c20    00004c20    00000040   00000040    r-- .cinit
20000000    20000000    00001374   00000000    rw-
  20000000    20000000    00001108   00000000    rw- .bss
  20001108    20001108    00000200   00000000    rw- .stack
  20001308    20001308    0000006c   00000000    rw- .data


SECTION ALLOCATION MAP

 output                                  attributes/
section   page    origin      length       input sections
--------  ----  ----------  ----------   ----------------
.intvecs   0    00000000    0000026c     
                  00000000    0000026c     tm4c123gh6pm_startup_ccs.obj (.intvecs)

.text      0    0000026c    000049a2     
                  0000026c    00001ecc     tasks.obj (.text)
                  00002138    00000f1a     queue.obj (.text)
                  00003052    00000002     rtsv7M4_T_le_v4SPD16_eabi.lib : div0.asm.obj (.text)
                  00003054    0000063c     app.obj (.text)
                  00003690    000004b2     event_groups.obj (.text)
                  00003b42    00000002     --HOLE-- [fill = 0]
                  00003b44    000002b4     port.obj (.text)
                  00003df8    0000028c     heap_2.obj (.text)
                  00004084    0000024c     gpio.obj (.text)
                  000042d0    000001c8     uart0.obj (.text)
                  00004498    00000160     ADC.obj (.text)
                  000045f8    0000012a     list.obj (.text)
                  00004722    00000002     --HOLE-- [fill = 0]
                  00004724    000000da     portasm.obj (.text)
                  000047fe    0000009c     rtsv7M4_T_le_v4SPD16_eabi.lib : memcpy_t2.asm.obj (.text)
                  0000489a    00000096                                   : ull_div_t2.asm.obj (.text)
                  00004930    0000007c     isr.obj (.text)
                  000049ac    0000007a     rtsv7M4_T_le_v4SPD16_eabi.lib : memset_t2.asm.obj (.text)
                  00004a26    0000006e                                   : ll_div_t2.asm.obj (.text)
                  00004a94    00000068                                   : copy_decompress_lzss.c.obj (.text:decompress:lzss:__TI_decompress_lzss)
                  00004afc    00000054     GPTM.obj (.text)
                  00004b50    00000044     rtsv7M4_T_le_v4SPD16_eabi.lib : autoinit.c.obj (.text:__TI_auto_init_nobinit_nopinit:__TI_auto_init_nobinit_nopinit)
                  00004b94    00000034                                   : boot_cortex_m.c.obj (.text:_c_int00_noargs:_c_int00_noargs)
                  00004bc8    00000018                                   : ll_mul_t2.asm.obj (.text)
                  00004be0    0000000e                                   : copy_decompress_none.c.obj (.text:decompress:none:__TI_decompress_none)
                  00004bee    0000000c                                   : copy_zero_init.c.obj (.text:decompress:ZI:__TI_zero_init)
                  00004bfa    0000000c     tm4c123gh6pm_startup_ccs.obj (.text)
                  00004c06    00000004     rtsv7M4_T_le_v4SPD16_eabi.lib : pre_init.c.obj (.text:_system_pre_init)
                  00004c0a    00000004                                   : exit.c.obj (.text:abort:abort)

.const     0    00004c10    0000000c     
                  00004c10    00000008     port.obj (.const)
                  00004c18    00000004     tasks.obj (.const)

.cinit     0    00004c20    00000040     
                  00004c20    00000018     (.cinit..data.load) [load image, compression = lzss]
                  00004c38    0000000c     (__TI_handler_table)
                  00004c44    00000004     --HOLE-- [fill = 0]
                  00004c48    00000008     (.cinit..bss.load) [load image, compression = zero_init]
                  00004c50    00000010     (__TI_cinit_table)

.init_array 
*          0    00000000    00000000     UNINITIALIZED

.bss       0    20000000    00001108     UNINITIALIZED
                  20000000    00001000     heap_2.obj (.bss:ucHeap)
                  20001000    0000008c     tasks.obj (.bss:pxReadyTasksLists)
                  2000108c    00000014     tasks.obj (.bss:xDelayedTaskList1)
                  200010a0    00000014     tasks.obj (.bss:xDelayedTaskList2)
                  200010b4    00000014     tasks.obj (.bss:xPendingReadyList)
                  200010c8    00000014     tasks.obj (.bss:xSuspendedTaskList)
                  200010dc    00000008     tasks.obj (.bss)
                  200010e4    00000008     heap_2.obj (.bss:xEnd)
                  200010ec    00000008     heap_2.obj (.bss:xStart)
                  200010f4    00000004     (.common:xButtonSemaphore)
                  200010f8    00000004     (.common:xCurrentTempQueue)
                  200010fc    00000004     (.common:xInvalidTempQueue)
                  20001100    00000004     (.common:xMutexCount)
                  20001104    00000004     (.common:xTempSetEventGroup)

.data      0    20001308    0000006c     UNINITIALIZED
                  20001308    00000030     tasks.obj (.data)
                  20001338    00000028     app.obj (.data)
                  20001360    0000000c     port.obj (.data)
                  2000136c    00000008     heap_2.obj (.data)

.stack     0    20001108    00000200     UNINITIALIZED
                  20001108    00000004     rtsv7M4_T_le_v4SPD16_eabi.lib : boot_cortex_m.c.obj (.stack)
                  2000110c    000001fc     --HOLE--

__llvm_prf_cnts 
*          0    20000000    00000000     UNINITIALIZED

MODULE SUMMARY

       Module                         code    ro data   rw data
       ------                         ----    -------   -------
    .\
       app.obj                        1596    0         60     
       tm4c123gh6pm_startup_ccs.obj   12      620       0      
    +--+------------------------------+-------+---------+---------+
       Total:                         1608    620       60     
                                                               
    .\FreeRTOS\Source\
       tasks.obj                      7884    4         276    
       queue.obj                      3866    0         0      
       event_groups.obj               1202    0         0      
       list.obj                       298     0         0      
    +--+------------------------------+-------+---------+---------+
       Total:                         13250   4         276    
                                                               
    .\FreeRTOS\Source\portable\CCS\ARM_CM4F\
       port.obj                       692     8         12     
       portasm.obj                    218     0         0      
    +--+------------------------------+-------+---------+---------+
       Total:                         910     8         12     
                                                               
    .\FreeRTOS\Source\portable\MemMang\
       heap_2.obj                     652     0         4120   
    +--+------------------------------+-------+---------+---------+
       Total:                         652     0         4120   
                                                               
    .\ISR\
       isr.obj                        124     0         0      
    +--+------------------------------+-------+---------+---------+
       Total:                         124     0         0      
                                                               
    .\MCAL\ADC\
       ADC.obj                        352     0         0      
    +--+------------------------------+-------+---------+---------+
       Total:                         352     0         0      
                                                               
    .\MCAL\GPIO\
       gpio.obj                       588     0         0      
    +--+------------------------------+-------+---------+---------+
       Total:                         588     0         0      
                                                               
    .\MCAL\GPTM\
       GPTM.obj                       84      0         0      
    +--+------------------------------+-------+---------+---------+
       Total:                         84      0         0      
                                                               
    .\MCAL\UART\
       uart0.obj                      456     0         0      
    +--+------------------------------+-------+---------+---------+
       Total:                         456     0         0      
                                                               
    D:\Edges Advanced Embedded Diploma\ccs\tools\compiler\ti-cgt-arm_20.2.7.LTS\lib\rtsv7M4_T_le_v4SPD16_eabi.lib
       memcpy_t2.asm.obj              156     0         0      
       ull_div_t2.asm.obj             150     0         0      
       memset_t2.asm.obj              122     0         0      
       ll_div_t2.asm.obj              110     0         0      
       copy_decompress_lzss.c.obj     104     0         0      
       autoinit.c.obj                 68      0         0      
       boot_cortex_m.c.obj            52      0         0      
       ll_mul_t2.asm.obj              24      0         0      
       copy_decompress_none.c.obj     14      0         0      
       copy_zero_init.c.obj           12      0         0      
       exit.c.obj                     4       0         0      
       pre_init.c.obj                 4       0         0      
       div0.asm.obj                   2       0         0      
    +--+------------------------------+-------+---------+---------+
       Total:                         822     0         0      
                                                               
       Stack:                         0       0         512    
       Linker Generated:              0       60        0      
    +--+------------------------------+-------+---------+---------+
       Grand Total:                   18846   692       4980   


LINKER GENERATED COPY TABLES

__TI_cinit_table @ 00004c50 records: 2, size/record: 8, table size: 16
	.data: load addr=00004c20, load size=00000018 bytes, run addr=20001308, run size=0000006c bytes, compression=lzss
	.bss: load addr=00004c48, load size=00000008 bytes, run addr=20000000, run size=00001108 bytes, compression=zero_init


LINKER GENERATED HANDLER TABLE

__TI_handler_table @ 00004c38 records: 3, size/record: 4, table size: 12
	index: 0, handler: __TI_decompress_lzss
	index: 1, handler: __TI_decompress_none
	index: 2, handler: __TI_zero_init


GLOBAL SYMBOLS: SORTED ALPHABETICALLY BY Name 

address   name                               
-------   ----                               
00004499  ADC0_Init                          
000044ff  ADC0_Read                          
0000452b  ADC_to_Temperature                 
00004c0b  C$$EXIT                            
00004931  Delay_MS                           
00004971  GPIOF_Handler                      
00004175  GPIO_BlueLedOff                    
00004151  GPIO_BlueLedOn                     
00004199  GPIO_BlueLedToggle                 
00004085  GPIO_BuiltinButtonsLedsInit        
000041b1  GPIO_ExternLedToggle               
00004181  GPIO_GreenLedOff                   
0000415d  GPIO_GreenLedOn                    
000041a5  GPIO_GreenLedToggle                
00004169  GPIO_RedLedOff                     
00004145  GPIO_RedLedOn                      
0000418d  GPIO_RedLedToggle                  
000041d1  GPIO_SW1EdgeTriggeredInterruptInit 
000041bd  GPIO_SW1GetState                   
0000421f  GPIO_SW2EdgeTriggeredInterruptInit 
000041c7  GPIO_SW2GetState                   
00004afd  GPTM_WTimer0Init                   
00004b2d  GPTM_WTimer0Read                   
00004bfb  ResetISR                           
00004327  UART0_Init                         
00004383  UART0_ReceiveByte                  
00004367  UART0_SendByte                     
000043b9  UART0_SendInteger                  
00004393  UART0_SendString                   
20001308  __STACK_END                        
00000200  __STACK_SIZE                       
20001308  __STACK_TOP                        
00004c50  __TI_CINIT_Base                    
00004c60  __TI_CINIT_Limit                   
00004c38  __TI_Handler_Table_Base            
00004c44  __TI_Handler_Table_Limit           
00004b51  __TI_auto_init_nobinit_nopinit     
00004a95  __TI_decompress_lzss               
00004be1  __TI_decompress_none               
ffffffff  __TI_pprof_out_hndl                
ffffffff  __TI_prof_data_size                
ffffffff  __TI_prof_data_start               
00000000  __TI_static_base__                 
00004bef  __TI_zero_init                     
00003053  __aeabi_idiv0                      
00003053  __aeabi_ldiv0                      
00004a27  __aeabi_ldivmod                    
00004bc9  __aeabi_lmul                       
000049ad  __aeabi_memclr                     
000049ad  __aeabi_memclr4                    
000049ad  __aeabi_memclr8                    
000047ff  __aeabi_memcpy                     
000047ff  __aeabi_memcpy4                    
000047ff  __aeabi_memcpy8                    
000049af  __aeabi_memset                     
000049af  __aeabi_memset4                    
000049af  __aeabi_memset8                    
0000489b  __aeabi_uldivmod                   
ffffffff  __binit__                          
ffffffff  __c_args__                         
UNDEFED   __mpu_init                         
20001108  __stack                            
20000000  __start___llvm_prf_cnts            
20000000  __stop___llvm_prf_cnts             
00004b95  _c_int00_noargs                    
UNDEFED   _system_post_cinit                 
00004c07  _system_pre_init                   
00004c0b  abort                              
ffffffff  binit                              
20001350  count                              
20001356  currentMode                        
20001355  currentTempDisplay                 
20001354  desiredTempDisplay                 
00000000  g_pfnVectors                       
00004573  is_temp_valid                      
00003055  main                               
000047ff  memcpy                             
000049b5  memset                             
20001358  on_off                             
00000bb7  pcTaskGetName                      
00003fe5  pvPortCalloc                       
00003df9  pvPortMalloc                       
000017df  pvTaskIncrementMutexHeldCount      
20001308  pxCurrentTCB                       
00003b45  pxPortInitialiseStack              
00004c10  ulMaxSyscallInterruptPriority      
00004735  ulPortGetIPSR                      
000017f7  ulTaskGenericNotifyTake            
00001ff9  ulTaskGenericNotifyValueClear      
000046db  uxListRemove                       
00002d29  uxQueueMessagesWaiting             
00002d87  uxQueueMessagesWaitingFromISR      
00002d53  uxQueueSpacesAvailable             
00000bb1  uxTaskGetNumberOfTasks             
000017bd  uxTaskResetEventItemValue          
00004c18  uxTopUsedPriority                  
0000356d  vDiagnosticTask                    
000034c9  vDisplayTask                       
00003afd  vEventGroupClearBitsCallback       
00003a83  vEventGroupDelete                  
00003aed  vEventGroupSetBitsCallback         
00003391  vHeatControlTask                   
00003109  vHeaterOnOff                       
000045f9  vListInitialise                    
00004629  vListInitialiseItem                
00004675  vListInsert                        
00004639  vListInsertEnd                     
000047f1  vPortEnableVFP                     
00003c89  vPortEndScheduler                  
00003cad  vPortEnterCritical                 
00003cef  vPortExitCritical                  
00003f1f  vPortFree                          
00003fe3  vPortInitialiseBlocks              
000047ad  vPortSVCHandler                    
00003d41  vPortSetupTimerInterrupt           
000047cd  vPortStartFirstTask                
00003d5b  vPortValidateInterruptPriority     
00002db1  vQueueDelete                       
00000599  vTaskDelay                         
000009ab  vTaskEndScheduler                  
00001de1  vTaskGenericNotifyGiveFromISR      
00001291  vTaskInternalSetTimeOutState       
00001365  vTaskMissedYield                   
00000ed1  vTaskPlaceOnEventList              
00000f15  vTaskPlaceOnUnorderedEventList     
00001671  vTaskPriorityDisinheritAfterTimeout
00001121  vTaskRemoveFromUnorderedEventList  
00000775  vTaskResume                        
0000125f  vTaskSetTimeOutState               
00000941  vTaskStartScheduler                
000005f9  vTaskSuspend                       
000009c7  vTaskSuspendAll                    
00000e47  vTaskSwitchContext                 
000032b7  vTempReaderTask                    
00003209  vTempSetterTask                    
200010f4  xButtonSemaphore                   
200010f8  xCurrentTempQueue                  
2000134c  xDiagnosticHandle                  
20001348  xDisplayHandle                     
000038f7  xEventGroupClearBits               
00003691  xEventGroupCreate                  
00003955  xEventGroupGetBitsFromISR          
00003989  xEventGroupSetBits                 
000036b1  xEventGroupSync                    
000037bd  xEventGroupWaitBits                
20001344  xHeatControlHandle                 
20001338  xHeaterOnOffHandle                 
200010fc  xInvalidTempQueue                  
20001100  xMutexCount                        
00003fdd  xPortGetFreeHeapSize               
0000474d  xPortPendSVHandler                 
00003bd1  xPortStartScheduler                
00003d1b  xPortSysTickHandler                
0000231f  xQueueCreateMutex                  
00002239  xQueueGenericCreate                
00002139  xQueueGenericReset                 
0000234b  xQueueGenericSend                  
000024dd  xQueueGenericSendFromISR           
00002615  xQueueGiveFromISR                  
00002fbf  xQueueIsQueueEmptyFromISR          
00003019  xQueueIsQueueFullFromISR           
00002a19  xQueuePeek                         
00002c77  xQueuePeekFromISR                  
00002739  xQueueReceive                      
00002b71  xQueueReceiveFromISR               
0000288b  xQueueSemaphoreTake                
00000c05  xTaskCatchUpTicks                  
000012b9  xTaskCheckForTimeOut               
0000026d  xTaskCreate                        
000004bf  xTaskDelayUntil                    
000019a1  xTaskGenericNotify                 
00001b8d  xTaskGenericNotifyFromISR          
00001f91  xTaskGenericNotifyStateClear       
000018b5  xTaskGenericNotifyWait             
00001419  xTaskGetCurrentTaskHandle          
00000b8d  xTaskGetTickCount                  
00000b9d  xTaskGetTickCountFromISR           
00000c71  xTaskIncrementTick                 
00001545  xTaskPriorityDisinherit            
0000142d  xTaskPriorityInherit               
00000fc1  xTaskRemoveFromEventList           
000009e5  xTaskResumeAll                     
00000849  xTaskResumeFromISR                 
20001340  xTempReaderHandle                  
20001104  xTempSetEventGroup                 
2000133c  xTempSetterHandle                  


GLOBAL SYMBOLS: SORTED BY Symbol Address 

address   name                               
-------   ----                               
00000000  __TI_static_base__                 
00000000  g_pfnVectors                       
00000200  __STACK_SIZE                       
0000026d  xTaskCreate                        
000004bf  xTaskDelayUntil                    
00000599  vTaskDelay                         
000005f9  vTaskSuspend                       
00000775  vTaskResume                        
00000849  xTaskResumeFromISR                 
00000941  vTaskStartScheduler                
000009ab  vTaskEndScheduler                  
000009c7  vTaskSuspendAll                    
000009e5  xTaskResumeAll                     
00000b8d  xTaskGetTickCount                  
00000b9d  xTaskGetTickCountFromISR           
00000bb1  uxTaskGetNumberOfTasks             
00000bb7  pcTaskGetName                      
00000c05  xTaskCatchUpTicks                  
00000c71  xTaskIncrementTick                 
00000e47  vTaskSwitchContext                 
00000ed1  vTaskPlaceOnEventList              
00000f15  vTaskPlaceOnUnorderedEventList     
00000fc1  xTaskRemoveFromEventList           
00001121  vTaskRemoveFromUnorderedEventList  
0000125f  vTaskSetTimeOutState               
00001291  vTaskInternalSetTimeOutState       
000012b9  xTaskCheckForTimeOut               
00001365  vTaskMissedYield                   
00001419  xTaskGetCurrentTaskHandle          
0000142d  xTaskPriorityInherit               
00001545  xTaskPriorityDisinherit            
00001671  vTaskPriorityDisinheritAfterTimeout
000017bd  uxTaskResetEventItemValue          
000017df  pvTaskIncrementMutexHeldCount      
000017f7  ulTaskGenericNotifyTake            
000018b5  xTaskGenericNotifyWait             
000019a1  xTaskGenericNotify                 
00001b8d  xTaskGenericNotifyFromISR          
00001de1  vTaskGenericNotifyGiveFromISR      
00001f91  xTaskGenericNotifyStateClear       
00001ff9  ulTaskGenericNotifyValueClear      
00002139  xQueueGenericReset                 
00002239  xQueueGenericCreate                
0000231f  xQueueCreateMutex                  
0000234b  xQueueGenericSend                  
000024dd  xQueueGenericSendFromISR           
00002615  xQueueGiveFromISR                  
00002739  xQueueReceive                      
0000288b  xQueueSemaphoreTake                
00002a19  xQueuePeek                         
00002b71  xQueueReceiveFromISR               
00002c77  xQueuePeekFromISR                  
00002d29  uxQueueMessagesWaiting             
00002d53  uxQueueSpacesAvailable             
00002d87  uxQueueMessagesWaitingFromISR      
00002db1  vQueueDelete                       
00002fbf  xQueueIsQueueEmptyFromISR          
00003019  xQueueIsQueueFullFromISR           
00003053  __aeabi_idiv0                      
00003053  __aeabi_ldiv0                      
00003055  main                               
00003109  vHeaterOnOff                       
00003209  vTempSetterTask                    
000032b7  vTempReaderTask                    
00003391  vHeatControlTask                   
000034c9  vDisplayTask                       
0000356d  vDiagnosticTask                    
00003691  xEventGroupCreate                  
000036b1  xEventGroupSync                    
000037bd  xEventGroupWaitBits                
000038f7  xEventGroupClearBits               
00003955  xEventGroupGetBitsFromISR          
00003989  xEventGroupSetBits                 
00003a83  vEventGroupDelete                  
00003aed  vEventGroupSetBitsCallback         
00003afd  vEventGroupClearBitsCallback       
00003b45  pxPortInitialiseStack              
00003bd1  xPortStartScheduler                
00003c89  vPortEndScheduler                  
00003cad  vPortEnterCritical                 
00003cef  vPortExitCritical                  
00003d1b  xPortSysTickHandler                
00003d41  vPortSetupTimerInterrupt           
00003d5b  vPortValidateInterruptPriority     
00003df9  pvPortMalloc                       
00003f1f  vPortFree                          
00003fdd  xPortGetFreeHeapSize               
00003fe3  vPortInitialiseBlocks              
00003fe5  pvPortCalloc                       
00004085  GPIO_BuiltinButtonsLedsInit        
00004145  GPIO_RedLedOn                      
00004151  GPIO_BlueLedOn                     
0000415d  GPIO_GreenLedOn                    
00004169  GPIO_RedLedOff                     
00004175  GPIO_BlueLedOff                    
00004181  GPIO_GreenLedOff                   
0000418d  GPIO_RedLedToggle                  
00004199  GPIO_BlueLedToggle                 
000041a5  GPIO_GreenLedToggle                
000041b1  GPIO_ExternLedToggle               
000041bd  GPIO_SW1GetState                   
000041c7  GPIO_SW2GetState                   
000041d1  GPIO_SW1EdgeTriggeredInterruptInit 
0000421f  GPIO_SW2EdgeTriggeredInterruptInit 
00004327  UART0_Init                         
00004367  UART0_SendByte                     
00004383  UART0_ReceiveByte                  
00004393  UART0_SendString                   
000043b9  UART0_SendInteger                  
00004499  ADC0_Init                          
000044ff  ADC0_Read                          
0000452b  ADC_to_Temperature                 
00004573  is_temp_valid                      
000045f9  vListInitialise                    
00004629  vListInitialiseItem                
00004639  vListInsertEnd                     
00004675  vListInsert                        
000046db  uxListRemove                       
00004735  ulPortGetIPSR                      
0000474d  xPortPendSVHandler                 
000047ad  vPortSVCHandler                    
000047cd  vPortStartFirstTask                
000047f1  vPortEnableVFP                     
000047ff  __aeabi_memcpy                     
000047ff  __aeabi_memcpy4                    
000047ff  __aeabi_memcpy8                    
000047ff  memcpy                             
0000489b  __aeabi_uldivmod                   
00004931  Delay_MS                           
00004971  GPIOF_Handler                      
000049ad  __aeabi_memclr                     
000049ad  __aeabi_memclr4                    
000049ad  __aeabi_memclr8                    
000049af  __aeabi_memset                     
000049af  __aeabi_memset4                    
000049af  __aeabi_memset8                    
000049b5  memset                             
00004a27  __aeabi_ldivmod                    
00004a95  __TI_decompress_lzss               
00004afd  GPTM_WTimer0Init                   
00004b2d  GPTM_WTimer0Read                   
00004b51  __TI_auto_init_nobinit_nopinit     
00004b95  _c_int00_noargs                    
00004bc9  __aeabi_lmul                       
00004be1  __TI_decompress_none               
00004bef  __TI_zero_init                     
00004bfb  ResetISR                           
00004c07  _system_pre_init                   
00004c0b  C$$EXIT                            
00004c0b  abort                              
00004c10  ulMaxSyscallInterruptPriority      
00004c18  uxTopUsedPriority                  
00004c38  __TI_Handler_Table_Base            
00004c44  __TI_Handler_Table_Limit           
00004c50  __TI_CINIT_Base                    
00004c60  __TI_CINIT_Limit                   
20000000  __start___llvm_prf_cnts            
20000000  __stop___llvm_prf_cnts             
200010f4  xButtonSemaphore                   
200010f8  xCurrentTempQueue                  
200010fc  xInvalidTempQueue                  
20001100  xMutexCount                        
20001104  xTempSetEventGroup                 
20001108  __stack                            
20001308  __STACK_END                        
20001308  __STACK_TOP                        
20001308  pxCurrentTCB                       
20001338  xHeaterOnOffHandle                 
2000133c  xTempSetterHandle                  
20001340  xTempReaderHandle                  
20001344  xHeatControlHandle                 
20001348  xDisplayHandle                     
2000134c  xDiagnosticHandle                  
20001350  count                              
20001354  desiredTempDisplay                 
20001355  currentTempDisplay                 
20001356  currentMode                        
20001358  on_off                             
ffffffff  __TI_pprof_out_hndl                
ffffffff  __TI_prof_data_size                
ffffffff  __TI_prof_data_start               
ffffffff  __binit__                          
ffffffff  __c_args__                         
ffffffff  binit                              
UNDEFED   __mpu_init                         
UNDEFED   _system_post_cinit                 

[186 symbols]
